group TransformObservationFISH(source src: CTS_Transport, source patient:Patient, target tgt: Observation)
{
       src -> tgt.id = uuid();
       src -> tgt.meta as meta collate, meta.profile = '?';
       src -> tgt.status = 'active';

       src.operations as operations, operations.data as data then
       {
              //Fall-ID
              data.values as values where "blockindex = 0 and groupindex = 0 and itemid = 'id_1600'" then
              {
                  values.value as fallID -> tgt.identifier = id('http://uk-koeln.de/fhir/NamingSystem/nNGM/fallnummer', fallID);
              };
              //Biopsy-ID
              data.values as values where "blockindex = 0 and groupindex = 0 and itemid = 'id_1601'" then
              {
                  values.value as biopsyID -> tgt.identifier = id('http://uk-koeln.de/NamingSystem/nNGM/biopsienummer', biopsyID);
              };
       }

//ALK Fusion FISH
ALK-Fusion-Expression.FISH.system = http://ncit.nci.nih.gov
ALK-Fusion-Expression.FISH.code  = C17563
ALK-Fusion-Expression.FISH.display = Fluorescence In Situ Hybridization
ALK-Fusion-Expression.FISH.KitBezeichnung = cc('','');
ALK-Fusion-Expression.FISH.Hersteller = cc('','');
ALK-Fusion-Expression.FISH.SOPVersionsnummerAmstandord = value;
ALK-Fusion-Expression.FISH.StandortDreiBuchstabenKuerzel = coding/string?
ALK-Fusion-Expression.FISH.Ergebnis = cc();
ALK-Fusion-Expression.FISH.PositiveTumorzelle = valueratio;
ALK-Fusion-Expression.FISH.Polysomie = valueratio;

//MET Amplifikation FISH
MET-Amplifikation-Expression.FISH.system = http://ncit.nci.nih.gov
MET-Amplifikation-Expression.FISH.code  = C17563
MET-Amplifikation-Expression.FISH.display = Fluorescence In Situ Hybridization
MET-Amplifikation-Expression.FISH.KitBezeichnung = cc('','');
MET-Amplifikation-Expression.FISH.Hersteller = cc('','');
MET-Amplifikation-Expression.FISH.SOPVersionsnummerAmstandord = value;
MET-Amplifikation-Expression.FISH.StandortDreiBuchstabenKuerzel = coding/string?
MET-Amplifikation-Expression.FISH.Ergebnis = cc();
MET-Amplifikation-Expression.ISH.Amplifikation = cc(); //Amplifikation high-level, amplifikation moderate-level, amplifikation low level, negativ, nicht auswertbar
MET-Amplifikation-Expression.FISH.ProzentzahlZellenMehrAls15MetSignalen = valueratio;
MET-Amplifikation-Expression.FISH.ProzentzahlZellenMehrAls5MetSignalen = valueratio;
MET-Amplifikation-Expression.FISH.GezaehlteTumorZellen = valueratio;
MET-Amplifikation-Expression.FISH.METSignale = valueratio;
MET-Amplifikation-Expression.FISH.CenSignale = valueratio;
MET-Amplifikation-Expression.FISH.DurchschnittMETGenkopiezahl = valueratio;
MET-Amplifikation-Expression.FISH.Polysomie = valueratio;

//RET Fusion FISH
RET-Fusion-Expression.FISH.system = http://ncit.nci.nih.gov
RET-Fusion-Expression.FISH.code  = C17563
RET-Fusion-Expression.FISH.display = Fluorescence In Situ Hybridization
RET-Fusion-Expression.FISH.KitBezeichnung = cc('','');
RET-Fusion-Expression.FISH.Hersteller = cc('','');
RET-Fusion-Expression.FISH.SOPVersionsnummerAmstandord = value;
RET-Fusion-Expression.FISH.StandortDreiBuchstabenKuerzel = coding/string?
RET-Fusion-Expression.FISH.Ergebnis = cc();
RET-Fusion-Expression.FISH.PositiveTumorzelle = valueratio;
RET-Fusion-Expression.FISH.Polysomie = valueratio;

//ROS1 Fusion FISH
ROS1-Fusion-Expression.FISH.system = http://ncit.nci.nih.gov
ROS1-Fusion-Expression.FISH.code  = C17563
ROS1-Fusion-Expression.FISH.display = Fluorescence In Situ Hybridization
ROS1-Fusion-Expression.FISH.KitBezeichnung = cc('','');
ROS1-Fusion-Expression.FISH.Hersteller = cc('','');
ROS1-Fusion-Expression.FISH.SOPVersionsnummerAmstandord = value;
ROS1-Fusion-Expression.FISH.StandortDreiBuchstabenKuerzel = coding/string?
ROS1-Fusion-Expression.FISH.Ergebnis = cc();
ROS1-Fusion-Expression.FISH.PositiveTumorzelle = valueratio;
ROS1-Fusion-Expression.FISH.Polysomie = valueratio;
}